[Test Case] TC_LDW_002 - Lane Departure Warning - Lane Marking Detection Under Rain
[Build] 24.2.10
[ECU Under Test] LDW_ECU (Node ID 0x31)
[Date] 2025-10-19 09:45:33

[00:00.000] Test started
[00:00.100] Stimulus: Vehicle speed set to 85 km/h
[00:00.110] Stimulus: Simulated rain condition — visibility reduced (wiper speed HIGH)
[00:00.200] Stimulus: Lane markings faded — left marking confidence 38%, right 41%
[00:00.500] LDW_ECU: Camera initialized OK — Node 0x32 CAMERA_STATUS = ACTIVE
[00:00.510] LDW_ECU: Lane detection algorithm started
[00:01.000] LDW_ECU: LANE_CONF_LEFT = 38 (threshold: 60) — below minimum
[00:01.010] LDW_ECU: LANE_CONF_RIGHT = 41 (threshold: 60) — below minimum
[00:01.020] WARNING: Lane confidence below threshold — LDW suppressed
[00:02.000] Stimulus: Simulated lateral drift 0.25m toward left lane boundary
[00:02.100] FAIL: LDW_WARNING_LEFT not asserted — expected within 200ms of 0.2m drift
[00:02.110] Error Code: 0x3204 - LDW_LANE_CONF_TOO_LOW
[00:02.120] DTC set: C1A07 - "Lane Departure Warning Inhibited — Low Visibility"
[00:02.200] Engineering note (manual): Algorithm confidence threshold 60% may be too
            aggressive for adverse weather scenarios. Similar issue seen in TC_LDW_002
            on build 24.1.08. Discussed in JIRA-5088 — threshold tuning in backlog.
[00:02.210] Test result: FAIL
[Test] TC_LDW_002 finished. Duration: 2.21s. Verdict: FAIL.
